// Jest Snapshot v1, https://goo.gl/fbAQLP

exports[`RegistrationForm component renders a RegistrationForm by default 1`] = `
<form
  aria-label="Registration Form"
  className="RegistrationForm"
  onSubmit={[Function]}
>
  <div
    role="alert"
  />
  <div
    className="user_name"
  >
    <label
      htmlFor="RegistrationForm__user_name"
    >
      User name
    </label>
    <input
      aria-label="Username"
      id="RegistrationForm__user_name"
      name="user_name"
      placeholder="loremipsum"
      required={true}
      type="text"
    />
  </div>
  <div
    className="password"
  >
    <label
      htmlFor="RegistrationForm__password"
    >
      Password
    </label>
    <input
      aria-label="password"
      id="RegistrationForm__password"
      name="password"
      placeholder="ultra super incredibly secure password"
      required={true}
      type="password"
    />
  </div>
  <button
    type="submit"
  >
    Register
  </button>
</form>
`;
